{
  "table1": {
    "complete_bifolia": 21,
    "surfaces": 84,
    "analyzed_word_tokens": 6765,
    "covered_word_tokens": 6747,
    "token_coverage": 0.9973392461197339,
    "observed_word_types": 2012,
    "covered_word_types": 1994,
    "type_coverage": 0.9910536779324056,
    "word_internal_transitions": 20207,
    "forward_rate": 0.6163705646558123,
    "same_rate": 0.23234522690156875,
    "backward_rate": 0.1512842084426189,
    "randomized_backward_mean": 0.3964944365813826,
    "randomized_count_le_observed": 1,
    "randomization_plus_one_tail": 3.999920001599968e-05,
    "words_zero_backward": 0.617163183637172,
    "words_zero_or_one_backward": 0.9341929746554024,
    "per_bifolium_backward_min": 0.1039426523297491,
    "per_bifolium_backward_max": 0.19190283400809716,
    "per_bifolium_backward_rates": [
      0.15178571428571427,
      0.1515695067264574,
      0.12661498708010335,
      0.15442764578833693,
      0.11874272409778813,
      0.18649045521292218,
      0.15985790408525755,
      0.1765873015873016,
      0.17766497461928935,
      0.1344621513944223,
      0.1267427122940431,
      0.17832167832167833,
      0.12949640287769784,
      0.1039426523297491,
      0.1454352441613588,
      0.12255772646536411,
      0.18163054695562436,
      0.15730337078651685,
      0.13047530288909598,
      0.1532934131736527,
      0.19190283400809716
    ],
    "permutation_seed": 30,
    "permutations": 50000
  },
  "table2": {
    "layer_structure_only": {
      "top1": 0.27380952380952384,
      "top3": 0.5714285714285714,
      "one_to_one": 0.22619047619047616,
      "mean_rank": 4.30952380952381,
      "folds": [
        [
          0.09523809523809523,
          0.5238095238095238,
          0.14285714285714285,
          4.666666666666667
        ],
        [
          0.2857142857142857,
          0.5714285714285714,
          0.19047619047619047,
          3.761904761904762
        ],
        [
          0.23809523809523808,
          0.5714285714285714,
          0.19047619047619047,
          4.142857142857143
        ],
        [
          0.47619047619047616,
          0.6190476190476191,
          0.38095238095238093,
          4.666666666666667
        ]
      ]
    },
    "full_seven_layer": {
      "top1": 0.38095238095238093,
      "top3": 0.7619047619047619,
      "one_to_one": 0.4285714285714286,
      "mean_rank": 3.0595238095238093,
      "folds": [
        [
          0.2857142857142857,
          0.7142857142857143,
          0.23809523809523808,
          3.5238095238095237
        ],
        [
          0.38095238095238093,
          0.8571428571428571,
          0.6190476190476191,
          2.619047619047619
        ],
        [
          0.38095238095238093,
          0.7142857142857143,
          0.3333333333333333,
          2.9047619047619047
        ],
        [
          0.47619047619047616,
          0.7619047619047619,
          0.5238095238095238,
          3.1904761904761907
        ]
      ]
    },
    "chance": {
      "top1": 0.047619047619047616,
      "top3": 0.14285714285714285,
      "one_to_one": 0.047619047619047616
    },
    "feature_dimensions": {
      "layer_structure_only": 236,
      "full_seven_layer": 366
    }
  }
}
