{
  "2": {
    "top1": 0.31397619047619335,
    "one_to_one": 0.29069047619047833,
    "top3": 0.6153571428571454,
    "top5": 0.7954285714285948,
    "mean_rank": 3.8969523809523814,
    "dimension": 240
  },
  "3": {
    "top1": 0.25530952380952515,
    "one_to_one": 0.2638095238095257,
    "top3": 0.5744999999999987,
    "top5": 0.7101190476190626,
    "mean_rank": 4.4010952380952455,
    "dimension": 891
  },
  "4": {
    "top1": 0.2262142857142893,
    "one_to_one": 0.21590476190476443,
    "top3": 0.48202380952381224,
    "top5": 0.6099761904761923,
    "mean_rank": 5.262404761904762,
    "dimension": 1575
  },
  "5": {
    "top1": 0.20407142857143185,
    "one_to_one": 0.1910238095238115,
    "top3": 0.3891666666666741,
    "top5": 0.5136904761904743,
    "mean_rank": 6.503142857142865,
    "dimension": 1545
  },
  "settings": {
    "runs": 2000,
    "seed": 20260817,
    "bifolia": 21,
    "surfaces": 84
  },
  "bigram_vs_trigram_top1_runs": {
    "tie": 337,
    "bigram": 1327,
    "trigram": 336
  }
}
