{
  "fit": {
    "settings": {
      "runs": 1000,
      "seed": 20260817,
      "tokens_per_run": 297,
      "lines": 40,
      "paragraphs": 8,
      "neutral_restarts": 32,
      "sampling": "with replacement from fixed multiplicities",
      "word_boundary_jsd": "ordinary within-line boundaries only"
    },
    "summary": {
      "word_types": {
        "mean": 188.411,
        "sd_across_runs": 7.473960061439986,
        "p2_5": 174.0,
        "p50": 188.0,
        "p97_5": 203.0
      },
      "hapax_legomena": {
        "mean": 136.028,
        "sd_across_runs": 9.650347973000766,
        "p2_5": 117.0,
        "p50": 136.0,
        "p97_5": 155.0
      },
      "mean_word_length": {
        "mean": 4.01826936026936,
        "sd_across_runs": 0.10016631432727299,
        "p2_5": 3.8114478114478114,
        "p50": 4.02020202020202,
        "p97_5": 4.218855218855219
      },
      "word_length_sd": {
        "mean": 1.6193038616614208,
        "sd_across_runs": 0.054677482198180166,
        "p2_5": 1.5109052061722856,
        "p50": 1.6211483112217295,
        "p97_5": 1.726358042735879
      },
      "one_character_rate": {
        "mean": 0.04452525252525252,
        "sd_across_runs": 0.01246147187298287,
        "p2_5": 0.020202020202020204,
        "p50": 0.04377104377104377,
        "p97_5": 0.0707070707070707
      },
      "eight_plus_rate": {
        "mean": 0.011693602693602693,
        "sd_across_runs": 0.006012973122788293,
        "p2_5": 0.0,
        "p50": 0.010101010101010102,
        "p97_5": 0.02356902356902357
      },
      "bigram_jsd": {
        "mean": 0.03898054599993121,
        "sd_across_runs": 0.005128344192200582,
        "p2_5": 0.02954856579278196,
        "p50": 0.0386750647677099,
        "p97_5": 0.04951279404285108
      },
      "trigram_jsd": {
        "mean": 0.10608769254975516,
        "sd_across_runs": 0.010236820666737926,
        "p2_5": 0.08776115591716105,
        "p50": 0.10601124278755258,
        "p97_5": 0.12719602539400254
      },
      "word_boundary_jsd": {
        "mean": 0.11375889901035047,
        "sd_across_runs": 0.015832653882395353,
        "p2_5": 0.0845810483994594,
        "p50": 0.11332137063651548,
        "p97_5": 0.14516488404266456
      },
      "paragraph_start_gallows": {
        "mean": 1.0,
        "sd_across_runs": 0.0,
        "p2_5": 1.0,
        "p50": 1.0,
        "p97_5": 1.0
      },
      "neutral_restart_gallows": {
        "mean": 0.02878125,
        "sd_across_runs": 0.029361017283764196,
        "p2_5": 0.0,
        "p50": 0.03125,
        "p97_5": 0.09375
      },
      "dead_ends": {
        "mean": 0.0,
        "sd_across_runs": 0.0,
        "p2_5": 0.0,
        "p50": 0.0,
        "p97_5": 0.0
      }
    },
    "paper_targets": {
      "word_types": 188.54,
      "hapax_legomena": 136.17,
      "mean_word_length": 4.0186,
      "word_length_sd": 1.6186,
      "one_character_rate": 0.0446,
      "eight_plus_rate": 0.0117,
      "bigram_jsd": 0.03892,
      "trigram_jsd": 0.10608,
      "word_boundary_jsd": 0.11462,
      "paragraph_start_gallows": 1.0,
      "neutral_restart_gallows": 0.0277
    }
  },
  "attestation": {
    "settings": {
      "runs": 5000,
      "seed": 21260817,
      "tokens_per_run": 297,
      "hierarchy": "A2; Herbal A outside A2; VM outside Herbal A; unattested"
    },
    "summary": {
      "A2": {
        "mean": 0.5503501683501684,
        "sd_across_runs": 0.028007130693429323,
        "p2_5": 0.494949494949495,
        "p50": 0.5488215488215489,
        "p97_5": 0.6060606060606061
      },
      "HerbalA_outside_A2": {
        "mean": 0.17465252525252525,
        "sd_across_runs": 0.021515379342570588,
        "p2_5": 0.13468013468013468,
        "p50": 0.1750841750841751,
        "p97_5": 0.21885521885521886
      },
      "VM_outside_HerbalA": {
        "mean": 0.0455016835016835,
        "sd_across_runs": 0.012018364646564403,
        "p2_5": 0.02356902356902357,
        "p50": 0.04377104377104377,
        "p97_5": 0.0707070707070707
      },
      "Unattested": {
        "mean": 0.22949562289562292,
        "sd_across_runs": 0.024409203701933647,
        "p2_5": 0.18181818181818182,
        "p50": 0.22895622895622897,
        "p97_5": 0.2760942760942761
      },
      "VM_total": {
        "mean": 0.7705043771043771,
        "sd_across_runs": 0.024409203701933647,
        "p2_5": 0.7239057239057239,
        "p50": 0.7710437710437711,
        "p97_5": 0.8181818181818182
      },
      "Outside_A2_total": {
        "mean": 0.22015420875420877,
        "sd_across_runs": 0.023624119911530992,
        "p2_5": 0.1750841750841751,
        "p50": 0.21885521885521886,
        "p97_5": 0.265993265993266
      },
      "Generated_types": {
        "mean": 188.4502,
        "sd_across_runs": 7.2467316743481,
        "p2_5": 174.0,
        "p50": 189.0,
        "p97_5": 203.0
      },
      "Hapax": {
        "mean": 136.1486,
        "sd_across_runs": 9.436128339525697,
        "p2_5": 118.0,
        "p50": 136.0,
        "p97_5": 155.0
      },
      "A2_type_rate": {
        "mean": 0.37898111382088634,
        "sd_across_runs": 0.023704543002868648,
        "p2_5": 0.3332926829268293,
        "p50": 0.3783783783783784,
        "p97_5": 0.4262295081967213
      },
      "HerbalA_type_rate": {
        "mean": 0.6013119655159757,
        "sd_across_runs": 0.029275028025110554,
        "p2_5": 0.544963067735345,
        "p50": 0.6010928961748634,
        "p97_5": 0.6578981456231252
      },
      "VM_type_rate": {
        "mean": 0.6611227029543365,
        "sd_across_runs": 0.029813366496246822,
        "p2_5": 0.603013227904227,
        "p50": 0.6611111111111111,
        "p97_5": 0.7210526315789474
      }
    },
    "paper_targets": {
      "A2": 0.55,
      "HerbalA_outside_A2": 0.1752,
      "VM_outside_HerbalA": 0.0453,
      "Unattested": 0.2295,
      "VM_total": 0.7705,
      "Outside_A2_total": 0.2205
    }
  }
}
